// Jest Snapshot v1, https://goo.gl/fbAQLP

exports[`canvas 2d 1`] = `"data:image/png;base64,iVBORw0KGgoAAAANSUhEUgAAASwAAACWCAYAAABkW7XSAAAABmJLR0QA/wD/AP+gvaeTAAAA7UlEQVR4nO3UMQrAMAwEQcX//7P8AmM3iXMw04oDVVsFAAAAAAAAAPBLz+rQVb0ZLrcAbxi3HwA4JVhADMECYggWEEOwgBiCBcQQLCCGYAEAAAAAAAAAAAAAAAAAAAAAAAAAAAAAAAAAAAAAAAAAAAAAAAAAAAAAAAAAAAAAAAAAAAAAAAAAAAAAAAAAAAAAAAAAAAAAAAAAAAAAAAAAAAAAAAAAAAAAAAAAAAAAAAAAAAAAAAAAAAAAAAAAAAAAAAAAAAAAAAAAAAAAAAAAAAAAAAAAAAAAAAAAAAAAAAAAAAAAAAAAAAAAAAAfm9TCAhJngLcMAAAAAElFTkSuQmCC"`;
